// Jest Snapshot v1, https://goo.gl/fbAQLP

exports[`Snapshot 1`] = `
<section
  className="container"
  style={
    Object {
      "width": "80%",
    }
  }
>
  <article
    className="row"
  />
  <div
    className="row"
  />
</section>
`;
