// Jest Snapshot v1, https://goo.gl/fbAQLP

exports[`Snapshot 1`] = `
<div
  className="container"
>
  <div
    id="page-wrap"
  >
    <h1
      className="h1"
    >
      Um site do
      <span
        className="logo"
      >
         
        <strong>
          web
        </strong>
        edia
      </span>
      <span
        className="tm"
      >
        ™
      </span>
       group
    </h1>
    <nav
      className="navbar navbar-default"
      role="navigation"
    >
      <div
        className="container"
      >
        <ul
          className="nav nav-justified"
        >
          <li
            className="menuItem"
          >
            <a
              className="menuText"
              href="/blog/1"
              onClick={[Function]}
            >
              Home
            </a>
          </li>
          <li
            className="menuItem"
          >
            <a
              className="menuText"
              href="#"
            >
              Lorem Ipsum
            </a>
          </li>
          <li
            className="menuItem"
          >
            <a
              className="menuText"
              href="#"
            >
              Lorem Ipsum
            </a>
          </li>
          <li
            className="menuItem"
          >
            <a
              className="menuText"
              href="#"
            >
              Lorem Ipsum
            </a>
          </li>
          <li
            className="menuItem"
          >
            <a
              className="menuText"
              href="#"
            >
              Lorem Ipsum
            </a>
          </li>
          <li
            className="menuItem"
          >
            <a
              className="menuText"
              href="#"
            >
              Lorem Ipsum
            </a>
          </li>
          <li
            className="menuItem"
          >
            <a
              className="menuText"
              href="#"
            >
              Lorem Ipsum
            </a>
          </li>
          <li
            className="menuItem"
          >
            <a
              className="menuText"
              href="#"
            >
              Lorem Ipsum
            </a>
          </li>
          <li
            className="menuItem"
          >
            <a
              className="menuText"
              href="#"
            >
              Lorem Ipsum
            </a>
          </li>
          <li
            className="menuItem"
          >
            <a
              className="menuText"
              href="/admin"
              onClick={[Function]}
            >
              Admin
            </a>
          </li>
        </ul>
      </div>
    </nav>
    <div
      className="container"
    >
      <div
        className="container"
      >
        <h1>
           Criar post 
        </h1>
        <form
          onSubmit={[Function]}
        >
          <div>
            <input
              className="input"
              onSubmit={false}
              placeholder="Título"
              type="text"
            />
          </div>
          <div>
            <input
              className="input"
              onSubmit={false}
              placeholder="Subtítulo"
              type="text"
            />
          </div>
          <div>
            <input
              className="input"
              onSubmit={false}
              placeholder="Descrição"
              type="text"
            />
          </div>
          <div>
            <textarea
              className="textarea"
              onSubmit={false}
              placeholder="Conteúdo"
              rows="5"
              type="text"
            />
          </div>
          <div>
            <input
              className="input"
              onSubmit={false}
              placeholder="URL da Imagem"
              type="url"
            />
          </div>
          <button
            className="button"
            type="submit"
          >
            Criar Post
          </button>
        </form>
      </div>
    </div>
  </div>
</div>
`;
